// Jest Snapshot v1, https://goo.gl/fbAQLP

exports[`should work 1`] = `
[MockFunction] {
  "calls": Array [
    Array [
      "
Hmm... I'm sorry, I didn't get that. Are you drunk or are you lost ? ðŸ¤”
- If you're drunk, dude, get out of here ! ðŸ¤¤
- If you're lost, type /help and I'll do my best. ðŸ¤–
  ",
    ],
  ],
  "results": Array [
    Object {
      "isThrow": false,
      "value": undefined,
    },
  ],
}
`;
